[INFO] Scanning for projects...
[INFO] ------------------------------------------------------------------------
[INFO] Reactor Build Order:
[INFO] 
[INFO] ZW Insight Server                                                  [pom]
[INFO] ZW Insight Common                                                  [jar]
[INFO] ZW Insight Security                                                [jar]
[INFO] ZW Insight File                                                    [jar]
[INFO] ZW Insight Workflow                                                [jar]
[INFO] ZW Insight Project                                                 [jar]
[INFO] ZW Insight Basedata                                                [jar]
[INFO] ZW Insight Site                                                    [jar]
[INFO] 
[INFO] ------------------< com.zwinsight:zw-insight-server >-------------------
[INFO] Building ZW Insight Server 1.0.0-SNAPSHOT                          [1/8]
[INFO]   from pom.xml
[INFO] --------------------------------[ pom ]---------------------------------
[INFO] 
[INFO] --- clean:3.3.2:clean (default-clean) @ zw-insight-server ---
[INFO] 
[INFO] ------------------< com.zwinsight:zw-insight-common >-------------------
[INFO] Building ZW Insight Common 1.0.0-SNAPSHOT                          [2/8]
[INFO]   from zw-common\pom.xml
[INFO] --------------------------------[ jar ]---------------------------------
[INFO] 
[INFO] --- clean:3.3.2:clean (default-clean) @ zw-insight-common ---
[INFO] Deleting D:\5个项目\ZW-Insight\zw-insight-server\zw-common\target
[INFO] 
[INFO] --- resources:3.3.1:resources (default-resources) @ zw-insight-common ---
[INFO] skip non existing resourceDirectory D:\5个项目\ZW-Insight\zw-insight-server\zw-common\src\main\resources
[INFO] skip non existing resourceDirectory D:\5个项目\ZW-Insight\zw-insight-server\zw-common\src\main\resources
[INFO] 
[INFO] --- compiler:3.11.0:compile (default-compile) @ zw-insight-common ---
[INFO] Changes detected - recompiling the module! :source
[INFO] Compiling 25 source files with javac [debug release 17] to target\classes
[INFO] 
[INFO] -----------------< com.zwinsight:zw-insight-security >------------------
[INFO] Building ZW Insight Security 1.0.0-SNAPSHOT                        [3/8]
[INFO]   from zw-security\pom.xml
[INFO] --------------------------------[ jar ]---------------------------------
[INFO] 
[INFO] --- clean:3.3.2:clean (default-clean) @ zw-insight-security ---
[INFO] Deleting D:\5个项目\ZW-Insight\zw-insight-server\zw-security\target
[INFO] 
[INFO] --- resources:3.3.1:resources (default-resources) @ zw-insight-security ---
[INFO] skip non existing resourceDirectory D:\5个项目\ZW-Insight\zw-insight-server\zw-security\src\main\resources
[INFO] skip non existing resourceDirectory D:\5个项目\ZW-Insight\zw-insight-server\zw-security\src\main\resources
[INFO] 
[INFO] --- compiler:3.11.0:compile (default-compile) @ zw-insight-security ---
[INFO] Changes detected - recompiling the module! :dependency
[INFO] Compiling 17 source files with javac [debug release 17] to target\classes
[INFO] 
[INFO] -------------------< com.zwinsight:zw-insight-file >--------------------
[INFO] Building ZW Insight File 1.0.0-SNAPSHOT                            [4/8]
[INFO]   from zw-file\pom.xml
[INFO] --------------------------------[ jar ]---------------------------------
[INFO] 
[INFO] --- clean:3.3.2:clean (default-clean) @ zw-insight-file ---
[INFO] Deleting D:\5个项目\ZW-Insight\zw-insight-server\zw-file\target
[INFO] 
[INFO] --- resources:3.3.1:resources (default-resources) @ zw-insight-file ---
[INFO] skip non existing resourceDirectory D:\5个项目\ZW-Insight\zw-insight-server\zw-file\src\main\resources
[INFO] skip non existing resourceDirectory D:\5个项目\ZW-Insight\zw-insight-server\zw-file\src\main\resources
[INFO] 
[INFO] --- compiler:3.11.0:compile (default-compile) @ zw-insight-file ---
[INFO] Changes detected - recompiling the module! :dependency
[INFO] Compiling 43 source files with javac [debug release 17] to target\classes
[INFO] 
[INFO] -----------------< com.zwinsight:zw-insight-workflow >------------------
[INFO] Building ZW Insight Workflow 1.0.0-SNAPSHOT                        [5/8]
[INFO]   from zw-workflow\pom.xml
[INFO] --------------------------------[ jar ]---------------------------------
[INFO] 
[INFO] --- clean:3.3.2:clean (default-clean) @ zw-insight-workflow ---
[INFO] Deleting D:\5个项目\ZW-Insight\zw-insight-server\zw-workflow\target
[INFO] 
[INFO] --- resources:3.3.1:resources (default-resources) @ zw-insight-workflow ---
[INFO] skip non existing resourceDirectory D:\5个项目\ZW-Insight\zw-insight-server\zw-workflow\src\main\resources
[INFO] skip non existing resourceDirectory D:\5个项目\ZW-Insight\zw-insight-server\zw-workflow\src\main\resources
[INFO] 
[INFO] --- compiler:3.11.0:compile (default-compile) @ zw-insight-workflow ---
[INFO] Changes detected - recompiling the module! :dependency
[INFO] Compiling 62 source files with javac [debug release 17] to target\classes
[INFO] 
[INFO] ------------------< com.zwinsight:zw-insight-project >------------------
[INFO] Building ZW Insight Project 1.0.0-SNAPSHOT                         [6/8]
[INFO]   from zw-project\pom.xml
[INFO] --------------------------------[ jar ]---------------------------------
[INFO] 
[INFO] --- clean:3.3.2:clean (default-clean) @ zw-insight-project ---
[INFO] Deleting D:\5个项目\ZW-Insight\zw-insight-server\zw-project\target
[INFO] 
[INFO] --- resources:3.3.1:resources (default-resources) @ zw-insight-project ---
[INFO] Copying 0 resource from src\main\resources to target\classes
[INFO] Copying 1 resource from src\main\resources to target\classes
[INFO] 
[INFO] --- compiler:3.11.0:compile (default-compile) @ zw-insight-project ---
[INFO] Changes detected - recompiling the module! :dependency
[INFO] Compiling 15 source files with javac [debug release 17] to target\classes
[INFO] 
[INFO] -----------------< com.zwinsight:zw-insight-basedata >------------------
[INFO] Building ZW Insight Basedata 1.0.0-SNAPSHOT                        [7/8]
[INFO]   from zw-basedata\pom.xml
[INFO] --------------------------------[ jar ]---------------------------------
[INFO] 
[INFO] --- clean:3.3.2:clean (default-clean) @ zw-insight-basedata ---
[INFO] Deleting D:\5个项目\ZW-Insight\zw-insight-server\zw-basedata\target
[INFO] 
[INFO] --- resources:3.3.1:resources (default-resources) @ zw-insight-basedata ---
[INFO] skip non existing resourceDirectory D:\5个项目\ZW-Insight\zw-insight-server\zw-basedata\src\main\resources
[INFO] skip non existing resourceDirectory D:\5个项目\ZW-Insight\zw-insight-server\zw-basedata\src\main\resources
[INFO] 
[INFO] --- compiler:3.11.0:compile (default-compile) @ zw-insight-basedata ---
[INFO] Changes detected - recompiling the module! :dependency
[INFO] Compiling 35 source files with javac [debug release 17] to target\classes
[INFO] 
[INFO] -------------------< com.zwinsight:zw-insight-site >--------------------
[INFO] Building ZW Insight Site 1.0.0-SNAPSHOT                            [8/8]
[INFO]   from zw-site\pom.xml
[INFO] --------------------------------[ jar ]---------------------------------
[INFO] 
[INFO] --- clean:3.3.2:clean (default-clean) @ zw-insight-site ---
[INFO] Deleting D:\5个项目\ZW-Insight\zw-insight-server\zw-site\target
[INFO] 
[INFO] --- resources:3.3.1:resources (default-resources) @ zw-insight-site ---
[INFO] skip non existing resourceDirectory D:\5个项目\ZW-Insight\zw-insight-server\zw-site\src\main\resources
[INFO] skip non existing resourceDirectory D:\5个项目\ZW-Insight\zw-insight-server\zw-site\src\main\resources
[INFO] 
[INFO] --- compiler:3.11.0:compile (default-compile) @ zw-insight-site ---
[INFO] Changes detected - recompiling the module! :dependency
[INFO] Compiling 55 source files with javac [debug release 17] to target\classes
[INFO] ------------------------------------------------------------------------
[INFO] Reactor Summary for ZW Insight Server 1.0.0-SNAPSHOT:
[INFO] 
[INFO] ZW Insight Server .................................. SUCCESS [  0.193 s]
[INFO] ZW Insight Common .................................. SUCCESS [  4.661 s]
[INFO] ZW Insight Security ................................ SUCCESS [  2.115 s]
[INFO] ZW Insight File .................................... SUCCESS [  2.847 s]
[INFO] ZW Insight Workflow ................................ SUCCESS [  3.205 s]
[INFO] ZW Insight Project ................................. SUCCESS [  1.868 s]
[INFO] ZW Insight Basedata ................................ SUCCESS [  2.055 s]
[INFO] ZW Insight Site .................................... SUCCESS [  2.723 s]
[INFO] ------------------------------------------------------------------------
[INFO] BUILD SUCCESS
[INFO] ------------------------------------------------------------------------
[INFO] Total time:  20.181 s
[INFO] Finished at: 2026-06-25T21:09:24+08:00
[INFO] ------------------------------------------------------------------------
